{
	"AST":{"type":"apply","operator":{"type":"word","name":"do"},"args":[{"type":"apply","operator":{"type":"word","name":"define"},"args":[{"type":"word","name":"pow"},{"type":"apply","operator":{"type":"word","name":"fun"},"args":[{"type":"word","name":"base"},{"type":"word","name":"exp"},{"type":"apply","operator":{"type":"word","name":"if"},"args":[{"type":"apply","operator":{"type":"word","name":"=="},"args":[{"type":"word","name":"exp"},{"type":"value","value":0}]},{"type":"value","value":1},{"type":"apply","operator":{"type":"word","name":"*"},"args":[{"type":"word","name":"base"},{"type":"apply","operator":{"type":"word","name":"pow"},"args":[{"type":"word","name":"base"},{"type":"apply","operator":{"type":"word","name":"-"},"args":[{"type":"word","name":"exp"},{"type":"value","value":1}]}]}]}]}]}]},{"type":"apply","operator":{"type":"word","name":"print"},"args":[{"type":"apply","operator":{"type":"word","name":"pow"},"args":[{"type":"value","value":2},{"type":"value","value":10}]}]}]}
	,"result":1024
}